[preview.colorlib.com/theme/appetizer/index.html]
[backblue.gif]
[fade.gif]
[index.html]
[preview.colorlib.com/theme/appetizer/css/open-iconic-bootstrap.min.css]
[preview.colorlib.com/theme/appetizer/css/animate.css]
[preview.colorlib.com/theme/appetizer/css/owl.carousel.min.css]
[preview.colorlib.com/theme/appetizer/css/owl.theme.default.min.css]
[preview.colorlib.com/theme/appetizer/css/magnific-popup.css]
[preview.colorlib.com/theme/appetizer/css/aos.css]
[preview.colorlib.com/theme/appetizer/css/ionicons.min.css]
[preview.colorlib.com/theme/appetizer/css/bootstrap-datepicker.css]
[preview.colorlib.com/theme/appetizer/css/jquery.timepicker.css]
[preview.colorlib.com/theme/appetizer/css/flaticon.css]
[preview.colorlib.com/theme/appetizer/css/icomoon.css]
[preview.colorlib.com/theme/appetizer/css/style.css]
[preview.colorlib.com/theme/appetizer/index-2.html]
[preview.colorlib.com/theme/appetizer/about.html]
[preview.colorlib.com/theme/appetizer/menu.html]
[preview.colorlib.com/theme/appetizer/blog.html]
[preview.colorlib.com/theme/appetizer/contact.html]
[preview.colorlib.com/theme/appetizer/reservation.html]
[preview.colorlib.com/theme/appetizer/images/bg_1.jpg]
[preview.colorlib.com/theme/appetizer/images/bg_2.jpg]
[preview.colorlib.com/theme/appetizer/images/bg_3.jpg]
[preview.colorlib.com/theme/appetizer/images/bg_4.jpg]
[preview.colorlib.com/theme/appetizer/images/breakfast-1.jpg]
[preview.colorlib.com/theme/appetizer/images/breakfast-2.jpg]
[preview.colorlib.com/theme/appetizer/images/breakfast-3.jpg]
[preview.colorlib.com/theme/appetizer/images/lunch-1.jpg]
[preview.colorlib.com/theme/appetizer/images/lunch-2.jpg]
[preview.colorlib.com/theme/appetizer/images/lunch-3.jpg]
[preview.colorlib.com/theme/appetizer/images/dinner-1.jpg]
[preview.colorlib.com/theme/appetizer/images/dinner-2.jpg]
[preview.colorlib.com/theme/appetizer/images/dinner-3.jpg]
[preview.colorlib.com/theme/appetizer/images/dessert-1.jpg]
[preview.colorlib.com/theme/appetizer/images/dessert-2.jpg]
[preview.colorlib.com/theme/appetizer/images/dessert-3.jpg]
[preview.colorlib.com/theme/appetizer/images/wine-1.jpg]
[preview.colorlib.com/theme/appetizer/images/wine-2.jpg]
[preview.colorlib.com/theme/appetizer/images/wine-3.jpg]
[preview.colorlib.com/theme/appetizer/images/drink-1.jpg]
[preview.colorlib.com/theme/appetizer/images/drink-2.jpg]
[preview.colorlib.com/theme/appetizer/images/drink-3.jpg]
[preview.colorlib.com/theme/appetizer/images/chef-4.jpg]
[preview.colorlib.com/theme/appetizer/images/chef-2.jpg]
[preview.colorlib.com/theme/appetizer/images/chef-3.jpg]
[preview.colorlib.com/theme/appetizer/images/chef-1.jpg]
[preview.colorlib.com/theme/appetizer/images/bg_5.jpg]
[preview.colorlib.com/theme/appetizer/images/person_1.jpg]
[preview.colorlib.com/theme/appetizer/images/person_2.jpg]
[preview.colorlib.com/theme/appetizer/images/person_3.jpg]
[preview.colorlib.com/theme/appetizer/images/person_4.jpg]
[preview.colorlib.com/theme/appetizer/images/insta-1.jpg]
[preview.colorlib.com/theme/appetizer/images/insta-2.jpg]
[preview.colorlib.com/theme/appetizer/images/insta-3.jpg]
[preview.colorlib.com/theme/appetizer/images/insta-4.jpg]
[preview.colorlib.com/theme/appetizer/images/insta-5.jpg]
[preview.colorlib.com/theme/appetizer/images/insta-6.jpg]
[preview.colorlib.com/cdn-cgi/scripts/5c5dd728/cloudflare-static/email-decode.min.js]
[preview.colorlib.com/theme/appetizer/js/jquery.min.js]
[preview.colorlib.com/theme/appetizer/js/jquery-migrate-3.0.1.min.js]
[preview.colorlib.com/theme/appetizer/js/popper.min.js]
[preview.colorlib.com/theme/appetizer/js/bootstrap.min.js]
[preview.colorlib.com/theme/appetizer/js/jquery.easing.1.3.js]
[preview.colorlib.com/theme/appetizer/js/jquery.waypoints.min.js]
[preview.colorlib.com/theme/appetizer/js/jquery.stellar.min.js]
[preview.colorlib.com/theme/appetizer/js/owl.carousel.min.js]
[preview.colorlib.com/theme/appetizer/js/jquery.magnific-popup.min.js]
[preview.colorlib.com/theme/appetizer/js/aos.js]
[preview.colorlib.com/theme/appetizer/js/jquery.animateNumber.min.js]
[preview.colorlib.com/theme/appetizer/js/bootstrap-datepicker.js]
[preview.colorlib.com/theme/appetizer/js/jquery.timepicker.min.js]
[preview.colorlib.com/theme/appetizer/js/scrollax.min.js]
[preview.colorlib.com/theme/appetizer/js/google-map.js]
[preview.colorlib.com/theme/appetizer/js/main.js]
[preview.colorlib.com/theme/appetizer/index.html]
[preview.colorlib.com/theme/appetizer/fonts/open-iconic/open-iconic.eot]
[preview.colorlib.com/theme/appetizer/fonts/open-iconic/open-iconicd41d.eot]
[preview.colorlib.com/theme/appetizer/fonts/open-iconic/open-iconic.woff]
[preview.colorlib.com/theme/appetizer/fonts/open-iconic/open-iconic.ttf]
[preview.colorlib.com/theme/appetizer/fonts/open-iconic/open-iconic.otf]
[preview.colorlib.com/theme/appetizer/css/open-iconic-bootstrap.min.css]
[preview.colorlib.com/theme/appetizer/css/animate.css]
[preview.colorlib.com/theme/appetizer/fonts/open-iconic/open-iconic.svg]
[preview.colorlib.com/theme/appetizer/css/owl.video.play.png]
[preview.colorlib.com/theme/appetizer/css/owl.carousel.min.css]
[preview.colorlib.com/theme/appetizer/css/owl.theme.default.min.css]
[preview.colorlib.com/theme/appetizer/css/magnific-popup.css]
[preview.colorlib.com/theme/appetizer/css/aos.css]
[preview.colorlib.com/theme/appetizer/fonts/ionicons/fonts/ionicons580c.eot]
[preview.colorlib.com/theme/appetizer/fonts/ionicons/fonts/ionicons580c.woff2]
[preview.colorlib.com/theme/appetizer/fonts/ionicons/fonts/ionicons580c.woff]
[preview.colorlib.com/theme/appetizer/fonts/ionicons/fonts/ionicons580c.ttf]
[preview.colorlib.com/theme/appetizer/css/ionicons.min.css]
[preview.colorlib.com/theme/appetizer/css/bootstrap-datepicker.css]
[preview.colorlib.com/theme/appetizer/css/jquery.timepicker.css]
[preview.colorlib.com/theme/appetizer/fonts/ionicons/fonts/ionicons580c.svg]
[preview.colorlib.com/theme/appetizer/fonts/flaticon/font/Flaticon.eot]
[preview.colorlib.com/theme/appetizer/fonts/flaticon/font/Flaticond41d.eot]
[preview.colorlib.com/theme/appetizer/fonts/flaticon/font/Flaticon.woff]
[preview.colorlib.com/theme/appetizer/fonts/flaticon/font/Flaticon.ttf]
[preview.colorlib.com/theme/appetizer/css/flaticon.css]
[preview.colorlib.com/theme/appetizer/fonts/icomoon/icomoonccfb.eot]
[preview.colorlib.com/theme/appetizer/fonts/flaticon/font/Flaticon.svg]
[preview.colorlib.com/theme/appetizer/fonts/icomoon/icomoonccfb.woff]
[preview.colorlib.com/theme/appetizer/fonts/icomoon/icomoonccfb.ttf]
[preview.colorlib.com/theme/appetizer/css/icomoon.css]
[preview.colorlib.com/theme/appetizer/css/style.css]
[preview.colorlib.com/theme/appetizer/index-2.html]
[preview.colorlib.com/theme/appetizer/about.html]
[preview.colorlib.com/theme/appetizer/menu.html]
[preview.colorlib.com/theme/appetizer/fonts/icomoon/icomoonccfb.svg]
[preview.colorlib.com/theme/appetizer/blog-single.html]
[preview.colorlib.com/theme/appetizer/images/image_1.jpg]
[preview.colorlib.com/theme/appetizer/images/image_2.jpg]
[preview.colorlib.com/theme/appetizer/images/image_3.jpg]
[preview.colorlib.com/theme/appetizer/images/image_4.jpg]
[preview.colorlib.com/theme/appetizer/images/image_5.jpg]
[preview.colorlib.com/theme/appetizer/images/image_6.jpg]
[preview.colorlib.com/theme/appetizer/blog.html]
[preview.colorlib.com/theme/appetizer/contact.html]
[preview.colorlib.com/theme/appetizer/reservation.html]
[preview.colorlib.com/theme/appetizer/fonts/open-iconic/open-iconic.svg]
[preview.colorlib.com/theme/appetizer/css/owl.video.play.html]
[preview.colorlib.com/theme/appetizer/fonts/ionicons/fonts/ionicons580c.svg]
[preview.colorlib.com/theme/appetizer/fonts/flaticon/font/Flaticon.svg]
[preview.colorlib.com/theme/appetizer/fonts/icomoon/icomoonccfb.svg]
[preview.colorlib.com/theme/appetizer/blog-single.html]
